<?xml version="1.0" encoding="UTF-8"?>
<TestRun id="16bc58c2-6d53-4421-a5cf-3ce4292268c2" name="mpostol@CASMP 2012-06-29 18:05:52" runUser="HQ\mpostol" xmlns="http://microsoft.com/schemas/VisualStudio/TeamTest/2010">
  <TestSettings name="Local" id="59864642-566f-4d44-be71-3968b6e863f9">
    <Description>These are default test settings for a local test run.</Description>
    <Deployment enabled="false" runDeploymentRoot="mpostol_CASMP 2012-06-29 18_05_52">
      <DeploymentItem filename="C:\vs\Projects\SmartFactory\PR42-SmartFactory\IPRWorkflow\bin\Release\CAS.SmartFactory.IPR.dll" />
    </Deployment>
    <Execution>
      <TestTypeSpecific />
      <AgentRule name="Execution Agents">
      </AgentRule>
    </Execution>
  </TestSettings>
  <Times creation="2012-06-29T18:05:52.9992999+02:00" queuing="2012-06-29T18:05:53.1043419+02:00" start="2012-06-29T18:05:53.1503603+02:00" finish="2012-06-29T18:05:53.8016207+02:00" />
  <ResultSummary outcome="Warning">
    <Counters total="1" executed="1" passed="1" error="0" failed="0" timeout="0" aborted="0" inconclusive="0" passedButRunAborted="0" notRunnable="0" notExecuted="0" disconnected="0" warning="0" completed="0" inProgress="0" pending="0" />
    <RunInfos>
      <RunInfo computerName="CASMP" outcome="Warning" timestamp="2012-06-29T18:05:53.1033415+02:00">
        <Text>Deployment is currently disabled. The deployment item 'CAS.SmartFactory.IPR.dll' on test 'IPRWorkflowsUnitTests.BatchTest.GetOverusageTest' was not deployed.</Text>
      </RunInfo>
    </RunInfos>
  </ResultSummary>
  <TestDefinitions>
    <UnitTest name="GetOverusageTest" storage="c:\vs\projects\smartfactory\pr42-smartfactory\iprworkflowsunittests\bin\release\iprworkflowsunittests.dll" id="e7e62c95-25cd-9de1-76c2-3412493d9744">
      <DeploymentItems>
        <DeploymentItem filename="CAS.SmartFactory.IPR.dll" />
      </DeploymentItems>
      <Execution id="e62d3b33-47d8-4cee-b986-ea8f10c603f1" />
      <TestMethod codeBase="C:/vs/Projects/SmartFactory/PR42-SmartFactory/IPRWorkflowsUnitTests/bin/Release/IPRWorkflowsUnitTests.DLL" adapterTypeName="Microsoft.VisualStudio.TestTools.TestTypes.Unit.UnitTestAdapter, Microsoft.VisualStudio.QualityTools.Tips.UnitTest.Adapter, Version=10.0.0.0, Culture=neutral, PublicKeyToken=b03f5f7f11d50a3a" className="IPRWorkflowsUnitTests.BatchTest, IPRWorkflowsUnitTests, Version=1.0.0.0, Culture=neutral, PublicKeyToken=null" name="GetOverusageTest" />
    </UnitTest>
  </TestDefinitions>
  <TestLists>
    <TestList name="Results Not in a List" id="8c84fa94-04c1-424b-9868-57a2d4851a1d" />
    <TestList name="All Loaded Results" id="19431567-8539-422a-85d7-44ee4e166bda" />
  </TestLists>
  <TestEntries>
    <TestEntry testId="e7e62c95-25cd-9de1-76c2-3412493d9744" executionId="e62d3b33-47d8-4cee-b986-ea8f10c603f1" testListId="8c84fa94-04c1-424b-9868-57a2d4851a1d" />
  </TestEntries>
  <Results>
    <UnitTestResult executionId="e62d3b33-47d8-4cee-b986-ea8f10c603f1" testId="e7e62c95-25cd-9de1-76c2-3412493d9744" testName="GetOverusageTest" computerName="CASMP" duration="00:00:00.0619586" startTime="2012-06-29T18:05:53.1783715+02:00" endTime="2012-06-29T18:05:53.5225091+02:00" testType="13cdc9d9-ddb5-4fa4-a97d-d965ccfc6d4b" outcome="Passed" testListId="8c84fa94-04c1-424b-9868-57a2d4851a1d" relativeResultsDirectory="e62d3b33-47d8-4cee-b986-ea8f10c603f1">
    </UnitTestResult>
  </Results>
</TestRun>